// Jest Snapshot v1, https://goo.gl/fbAQLP

exports[`ScenarioLoaderListItem matches snapshot 1`] = `
<DocumentFragment>
  <div
    class="scenario-loader-row"
  >
    <a
      class="nav-link"
      data-testid="PresetLoaderDialogRowLink"
    >
      Some label
    </a>
  </div>
</DocumentFragment>
`;
